2024/08/12 00:00:00 [notice] 32#32: signal process started
2024/08/12 00:00:00 [notice] 31#31: signal process started
2024/12/24 00:00:00 [notice] 20#20: signal process started
2025/01/21 15:56:00 [emerg] 12#12: host not found in upstream "php-fpm:9000" in /etc/nginx/conf.d/upstream.conf:1
2025/01/21 16:14:02 [emerg] 12#12: host not found in upstream "php-fpm:9000" in /etc/nginx/conf.d/upstream.conf:1
2025/01/21 16:38:05 [emerg] 12#12: host not found in upstream "php-fpm:9000" in /etc/nginx/conf.d/upstream.conf:1
2025/01/21 16:43:59 [emerg] 12#12: host not found in upstream "php-fpm-ea:9000" in /etc/nginx/conf.d/upstream.conf:1
2025/01/21 16:47:43 [emerg] 12#12: host not found in upstream "php-fpm-ea:9000" in /etc/nginx/conf.d/upstream.conf:1
2025/01/21 16:52:17 [emerg] 12#12: host not found in upstream "php-fpm-ea:9000" in /etc/nginx/conf.d/upstream.conf:1
2025/01/21 18:05:16 [emerg] 12#12: host not found in upstream "php-fpm-ea:9000" in /etc/nginx/conf.d/upstream.conf:1
2025/01/21 20:00:12 [emerg] 12#12: host not found in upstream "php-fpm-ea:9000" in /etc/nginx/conf.d/upstream.conf:1
2025/01/21 20:15:28 [emerg] 12#12: host not found in upstream "php-fpm-ea:9000" in /etc/nginx/conf.d/upstream.conf:1
2025/01/21 20:18:19 [emerg] 12#12: host not found in upstream "php-fpm-ea:9000" in /etc/nginx/conf.d/upstream.conf:1
2025/01/21 20:19:48 [emerg] 12#12: host not found in upstream "php-fpm-ea:9000" in /etc/nginx/conf.d/upstream.conf:1
2025/01/21 20:21:53 [crit] 12#12: pread() "/etc/nginx/conf.d/default.conf" failed (21: Is a directory)
2025/01/21 21:42:36 [crit] 12#12: pread() "/etc/nginx/conf.d/default.conf" failed (21: Is a directory)
2025/01/21 21:44:54 [emerg] 12#12: host not found in upstream "php-fpm-ea:9000" in /etc/nginx/conf.d/upstream.conf:1
2025/01/21 21:47:29 [emerg] 1#1: host not found in upstream "php-fpm-ea" in /etc/nginx/conf.d/default.conf:23
2025/01/21 21:53:35 [emerg] 1#1: host not found in upstream "php-fpm-ea" in /etc/nginx/conf.d/default.conf:23
2025/01/21 21:54:34 [emerg] 1#1: host not found in upstream "php-fpm-ea" in /etc/nginx/conf.d/default.conf:22
2025/01/21 22:57:53 [notice] 1#1: using the "epoll" event method
2025/01/21 22:57:53 [notice] 1#1: nginx/1.27.0
2025/01/21 22:57:53 [notice] 1#1: built by gcc 13.2.1 20231014 (Alpine 13.2.1_git20231014) 
2025/01/21 22:57:53 [notice] 1#1: OS: Linux 6.8.0-51-generic
2025/01/21 22:57:53 [notice] 1#1: getrlimit(RLIMIT_NOFILE): 1048576:1048576
2025/01/21 22:57:53 [notice] 1#1: start worker processes
2025/01/21 22:57:53 [notice] 1#1: start worker process 29
2025/01/21 22:57:53 [notice] 1#1: start worker process 30
2025/01/21 22:57:53 [notice] 1#1: start worker process 31
2025/01/21 22:57:53 [notice] 1#1: start worker process 32
2025/01/21 22:57:53 [notice] 1#1: start worker process 33
2025/01/21 22:57:53 [notice] 1#1: start worker process 34
2025/01/21 22:57:53 [notice] 1#1: start worker process 35
2025/01/21 22:57:53 [notice] 1#1: start worker process 36
2025/01/21 22:57:53 [notice] 1#1: start worker process 37
2025/01/21 22:57:53 [notice] 1#1: start worker process 38
2025/01/21 22:57:53 [notice] 1#1: start worker process 39
2025/01/21 22:57:53 [notice] 1#1: start worker process 40
2025/01/21 23:13:00 [warn] 29#29: *45 a client request body is buffered to a temporary file /var/cache/nginx/client_temp/0000000001, client: 10.6.0.1, server: , request: "POST /livewire/upload-file?expires=1737501480&signature=e838e87926486ca25886f8c4445c3b72f478ffb41755c6e123a2617b9564df57 HTTP/1.1", host: "localhost:8081", referrer: "http://localhost:8081/admin/file?id=58"
2025/01/21 23:14:35 [warn] 29#29: *45 a client request body is buffered to a temporary file /var/cache/nginx/client_temp/0000000002, client: 10.6.0.1, server: , request: "POST /livewire/upload-file?expires=1737501575&signature=250bf49ab15e6d5d44f7b194c22bc8f8782db0d29938db9f1562e64c798020b0 HTTP/1.1", host: "localhost:8081", referrer: "http://localhost:8081/admin/file?id=58"
2025/01/21 23:14:41 [warn] 29#29: *45 a client request body is buffered to a temporary file /var/cache/nginx/client_temp/0000000003, client: 10.6.0.1, server: , request: "POST /livewire/upload-file?expires=1737501581&signature=55243ed193860b9514208d19dc113b663dce81131fb53b982cd5923ba86c9b74 HTTP/1.1", host: "localhost:8081", referrer: "http://localhost:8081/admin/file?id=58"
2025/01/21 23:17:48 [warn] 29#29: *91 a client request body is buffered to a temporary file /var/cache/nginx/client_temp/0000000004, client: 10.6.0.1, server: , request: "POST /livewire/upload-file?expires=1737501768&signature=8e36fef32b0d4006ea20a962e226f5d1f8b8d514d0ed70d28c4ffd6824fcc64e HTTP/1.1", host: "localhost:8081", referrer: "http://localhost:8081/admin/file?id=58"
2025/01/21 23:17:49 [warn] 29#29: *91 an upstream response is buffered to a temporary file /var/cache/nginx/fastcgi_temp/5/00/0000000005 while reading upstream, client: 10.6.0.1, server: , request: "GET /admin/file?id=58 HTTP/1.1", upstream: "fastcgi://10.6.0.8:9000", host: "localhost:8081", referrer: "http://localhost:8081/admin/file?id=58"
2025/01/21 23:22:42 [warn] 30#30: *122 a client request body is buffered to a temporary file /var/cache/nginx/client_temp/0000000006, client: 10.6.0.1, server: , request: "POST /livewire/upload-file?expires=1737502062&signature=196eabed598f4b4ee83643fa681670ce296c0099397deba986ab3a2a322c1cb3 HTTP/1.1", host: "localhost:8081", referrer: "http://localhost:8081/admin/file?id=58"
2025/01/22 02:28:02 [notice] 36#36: signal 15 (SIGTERM) received, exiting
2025/01/22 02:28:02 [notice] 36#36: exiting
2025/01/22 02:28:02 [notice] 31#31: signal 15 (SIGTERM) received, exiting
2025/01/22 02:28:02 [notice] 31#31: exiting
2025/01/22 02:28:02 [notice] 34#34: signal 15 (SIGTERM) received, exiting
2025/01/22 02:28:02 [notice] 30#30: signal 15 (SIGTERM) received, exiting
2025/01/22 02:28:02 [notice] 34#34: exiting
2025/01/22 02:28:02 [notice] 30#30: exiting
2025/01/22 02:28:02 [notice] 33#33: signal 15 (SIGTERM) received, exiting
2025/01/22 02:28:02 [notice] 33#33: exiting
2025/01/22 02:28:02 [notice] 32#32: signal 15 (SIGTERM) received, exiting
2025/01/22 02:28:02 [notice] 32#32: exiting
2025/01/22 02:28:02 [notice] 39#39: signal 15 (SIGTERM) received, exiting
2025/01/22 02:28:02 [notice] 39#39: exiting
2025/01/22 02:28:02 [notice] 36#36: exit
2025/01/22 02:28:02 [notice] 34#34: exit
2025/01/22 02:28:02 [notice] 31#31: exit
2025/01/22 02:28:02 [notice] 30#30: exit
2025/01/22 02:28:02 [notice] 33#33: exit
2025/01/22 02:28:02 [notice] 39#39: exit
2025/01/22 02:28:02 [notice] 32#32: exit
2025/01/22 02:28:02 [notice] 1#1: signal 15 (SIGTERM) received, exiting
2025/01/22 02:28:02 [notice] 1#1: signal 17 (SIGCHLD) received from 33
2025/01/22 02:28:02 [notice] 1#1: signal 17 (SIGCHLD) received from 39
2025/01/22 02:28:02 [notice] 40#40: signal 15 (SIGTERM) received, exiting
2025/01/22 02:28:02 [notice] 40#40: exiting
2025/01/22 02:28:02 [notice] 35#35: signal 15 (SIGTERM) received, exiting
2025/01/22 02:28:02 [notice] 35#35: exiting
2025/01/22 02:28:02 [notice] 1#1: signal 17 (SIGCHLD) received from 40
2025/01/22 02:28:02 [notice] 35#35: exit
2025/01/22 02:28:02 [notice] 1#1: signal 17 (SIGCHLD) received from 29
2025/01/22 02:28:02 [notice] 29#29: signal 15 (SIGTERM) received, exiting
2025/01/22 02:28:02 [notice] 29#29: exiting
2025/01/22 02:28:02 [notice] 40#40: exit
2025/01/22 02:28:02 [notice] 29#29: exit
2025/01/22 02:28:02 [notice] 1#1: signal 17 (SIGCHLD) received from 37
2025/01/22 02:28:02 [notice] 37#37: signal 15 (SIGTERM) received, exiting
2025/01/22 02:28:02 [notice] 37#37: exiting
2025/01/22 02:28:02 [notice] 37#37: exit
2025/01/22 02:28:02 [notice] 38#38: signal 15 (SIGTERM) received, exiting
2025/01/22 02:28:02 [notice] 38#38: exiting
2025/01/22 02:28:02 [notice] 38#38: exit
2025/01/22 02:28:02 [notice] 1#1: signal 17 (SIGCHLD) received from 38
2025/01/22 02:28:02 [notice] 1#1: signal 17 (SIGCHLD) received from 40
2025/01/22 02:28:02 [notice] 1#1: worker process 40 exited with code 0
2025/01/22 02:28:02 [notice] 1#1: signal 29 (SIGIO) received
2025/01/22 02:28:02 [notice] 1#1: signal 17 (SIGCHLD) received from 34
2025/01/22 02:28:02 [notice] 1#1: worker process 34 exited with code 0
2025/01/22 02:28:02 [notice] 1#1: signal 29 (SIGIO) received
2025/01/22 02:28:02 [notice] 1#1: signal 17 (SIGCHLD) received from 36
2025/01/22 02:28:02 [notice] 1#1: worker process 36 exited with code 0
2025/01/22 02:28:02 [notice] 1#1: signal 29 (SIGIO) received
2025/01/22 02:28:02 [notice] 1#1: signal 17 (SIGCHLD) received from 31
2025/01/22 02:28:02 [notice] 1#1: worker process 31 exited with code 0
2025/01/22 02:28:02 [notice] 1#1: signal 29 (SIGIO) received
2025/01/22 02:28:02 [notice] 1#1: signal 17 (SIGCHLD) received from 33
2025/01/22 02:28:02 [notice] 1#1: worker process 30 exited with code 0
2025/01/22 02:28:02 [notice] 1#1: worker process 33 exited with code 0
2025/01/22 02:28:02 [notice] 1#1: worker process 37 exited with code 0
2025/01/22 02:28:02 [notice] 1#1: signal 29 (SIGIO) received
2025/01/22 02:28:02 [notice] 1#1: signal 17 (SIGCHLD) received from 30
2025/01/22 02:28:02 [notice] 1#1: worker process 29 exited with code 0
2025/01/22 02:28:02 [notice] 1#1: signal 29 (SIGIO) received
2025/01/22 02:28:02 [notice] 1#1: signal 17 (SIGCHLD) received from 32
2025/01/22 02:28:02 [notice] 1#1: worker process 32 exited with code 0
2025/01/22 02:28:02 [notice] 1#1: signal 29 (SIGIO) received
2025/01/22 02:28:02 [notice] 1#1: signal 17 (SIGCHLD) received from 38
2025/01/22 02:28:02 [notice] 1#1: worker process 38 exited with code 0
2025/01/22 02:28:02 [notice] 1#1: worker process 39 exited with code 0
2025/01/22 02:28:02 [notice] 1#1: signal 29 (SIGIO) received
2025/01/22 02:28:02 [notice] 1#1: signal 17 (SIGCHLD) received from 39
2025/01/22 02:28:02 [notice] 1#1: signal 17 (SIGCHLD) received from 35
2025/01/22 02:28:02 [notice] 1#1: worker process 35 exited with code 0
2025/01/22 02:28:02 [notice] 1#1: exit
2025/11/12 00:51:11 [notice] 1#1: using the "epoll" event method
2025/11/12 00:51:11 [notice] 1#1: nginx/1.29.3
2025/11/12 00:51:11 [notice] 1#1: built by gcc 14.2.0 (Alpine 14.2.0) 
2025/11/12 00:51:11 [notice] 1#1: OS: Linux 6.8.0-87-generic
2025/11/12 00:51:11 [notice] 1#1: getrlimit(RLIMIT_NOFILE): 1024:524288
2025/11/12 00:51:11 [notice] 1#1: start worker processes
2025/11/12 00:51:11 [notice] 1#1: start worker process 29
2025/11/12 00:51:11 [notice] 1#1: start worker process 30
2025/11/12 00:51:11 [notice] 1#1: start worker process 31
2025/11/12 00:51:11 [notice] 1#1: start worker process 32
2025/11/12 00:51:11 [notice] 1#1: start worker process 33
2025/11/12 00:51:11 [notice] 1#1: start worker process 34
2025/11/12 00:51:11 [notice] 1#1: start worker process 35
2025/11/12 00:51:11 [notice] 1#1: start worker process 36
2025/11/12 00:51:11 [notice] 1#1: start worker process 37
2025/11/12 00:51:11 [notice] 1#1: start worker process 38
2025/11/12 00:51:11 [notice] 1#1: start worker process 39
2025/11/12 00:51:11 [notice] 1#1: start worker process 40
2025/11/12 01:46:56 [notice] 1#1: signal 3 (SIGQUIT) received, shutting down
2025/11/12 01:46:56 [notice] 30#30: gracefully shutting down
2025/11/12 01:46:56 [notice] 29#29: gracefully shutting down
2025/11/12 01:46:56 [notice] 32#32: gracefully shutting down
2025/11/12 01:46:56 [notice] 31#31: gracefully shutting down
2025/11/12 01:46:56 [notice] 33#33: gracefully shutting down
2025/11/12 01:46:56 [notice] 29#29: exiting
2025/11/12 01:46:56 [notice] 30#30: exiting
2025/11/12 01:46:56 [notice] 32#32: exiting
2025/11/12 01:46:56 [notice] 31#31: exiting
2025/11/12 01:46:56 [notice] 36#36: gracefully shutting down
2025/11/12 01:46:56 [notice] 37#37: gracefully shutting down
2025/11/12 01:46:56 [notice] 39#39: gracefully shutting down
2025/11/12 01:46:56 [notice] 37#37: exiting
2025/11/12 01:46:56 [notice] 29#29: exit
2025/11/12 01:46:56 [notice] 30#30: exit
2025/11/12 01:46:56 [notice] 31#31: exit
2025/11/12 01:46:56 [notice] 36#36: exiting
2025/11/12 01:46:56 [notice] 40#40: gracefully shutting down
2025/11/12 01:46:56 [notice] 37#37: exit
2025/11/12 01:46:56 [notice] 40#40: exiting
2025/11/12 01:46:56 [notice] 36#36: exit
2025/11/12 01:46:56 [notice] 33#33: exiting
2025/11/12 01:46:56 [notice] 34#34: gracefully shutting down
2025/11/12 01:46:56 [notice] 32#32: exit
2025/11/12 01:46:56 [notice] 34#34: exiting
2025/11/12 01:46:56 [notice] 33#33: exit
2025/11/12 01:46:56 [notice] 34#34: exit
2025/11/12 01:46:56 [notice] 35#35: gracefully shutting down
2025/11/12 01:46:56 [notice] 35#35: exiting
2025/11/12 01:46:56 [notice] 38#38: gracefully shutting down
2025/11/12 01:46:56 [notice] 40#40: exit
2025/11/12 01:46:56 [notice] 35#35: exit
2025/11/12 01:46:56 [notice] 38#38: exiting
2025/11/12 01:46:56 [notice] 38#38: exit
2025/11/12 01:46:56 [notice] 1#1: signal 17 (SIGCHLD) received from 36
2025/11/12 01:46:56 [notice] 1#1: worker process 36 exited with code 0
2025/11/12 01:46:56 [notice] 1#1: signal 29 (SIGIO) received
2025/11/12 01:46:56 [notice] 1#1: signal 17 (SIGCHLD) received from 33
2025/11/12 01:46:56 [notice] 1#1: worker process 33 exited with code 0
2025/11/12 01:46:56 [notice] 1#1: signal 29 (SIGIO) received
2025/11/12 01:46:56 [notice] 1#1: signal 17 (SIGCHLD) received from 31
2025/11/12 01:46:56 [notice] 1#1: worker process 29 exited with code 0
2025/11/12 01:46:56 [notice] 1#1: worker process 31 exited with code 0
2025/11/12 01:46:56 [notice] 1#1: worker process 34 exited with code 0
2025/11/12 01:46:56 [notice] 1#1: worker process 38 exited with code 0
2025/11/12 01:46:56 [notice] 1#1: signal 17 (SIGCHLD) received from 37
2025/11/12 01:46:56 [notice] 1#1: worker process 37 exited with code 0
2025/11/12 01:46:56 [notice] 1#1: signal 29 (SIGIO) received
2025/11/12 01:46:56 [notice] 1#1: signal 29 (SIGIO) received
2025/11/12 01:46:56 [notice] 1#1: signal 17 (SIGCHLD) received from 35
2025/11/12 01:46:56 [notice] 1#1: worker process 35 exited with code 0
2025/11/12 01:46:56 [notice] 1#1: signal 29 (SIGIO) received
2025/11/12 01:46:56 [notice] 1#1: signal 17 (SIGCHLD) received from 30
2025/11/12 01:46:56 [notice] 1#1: worker process 30 exited with code 0
2025/11/12 01:46:56 [notice] 1#1: signal 29 (SIGIO) received
2025/11/12 01:46:56 [notice] 1#1: signal 17 (SIGCHLD) received from 32
2025/11/12 01:46:56 [notice] 1#1: worker process 32 exited with code 0
2025/11/12 01:46:56 [notice] 1#1: signal 29 (SIGIO) received
2025/11/12 01:46:56 [notice] 1#1: signal 17 (SIGCHLD) received from 40
2025/11/12 01:46:56 [notice] 1#1: worker process 40 exited with code 0
2025/11/12 01:46:56 [notice] 1#1: signal 29 (SIGIO) received
2025/11/12 01:46:56 [notice] 39#39: exiting
2025/11/12 01:46:56 [notice] 39#39: exit
2025/11/12 01:46:56 [notice] 1#1: signal 17 (SIGCHLD) received from 39
2025/11/12 01:46:56 [notice] 1#1: worker process 39 exited with code 0
2025/11/12 01:46:56 [notice] 1#1: exit
2025/11/12 01:50:11 [notice] 1#1: using the "epoll" event method
2025/11/12 01:50:11 [notice] 1#1: nginx/1.29.3
2025/11/12 01:50:11 [notice] 1#1: built by gcc 14.2.0 (Alpine 14.2.0) 
2025/11/12 01:50:11 [notice] 1#1: OS: Linux 6.8.0-87-generic
2025/11/12 01:50:11 [notice] 1#1: getrlimit(RLIMIT_NOFILE): 1024:524288
2025/11/12 01:50:11 [notice] 1#1: start worker processes
2025/11/12 01:50:11 [notice] 1#1: start worker process 29
2025/11/12 01:50:11 [notice] 1#1: start worker process 30
2025/11/12 01:50:11 [notice] 1#1: start worker process 31
2025/11/12 01:50:11 [notice] 1#1: start worker process 32
2025/11/12 01:50:11 [notice] 1#1: start worker process 33
2025/11/12 01:50:11 [notice] 1#1: start worker process 34
2025/11/12 01:50:11 [notice] 1#1: start worker process 35
2025/11/12 01:50:11 [notice] 1#1: start worker process 36
2025/11/12 01:50:11 [notice] 1#1: start worker process 37
2025/11/12 01:50:11 [notice] 1#1: start worker process 38
2025/11/12 01:50:11 [notice] 1#1: start worker process 39
2025/11/12 01:50:11 [notice] 1#1: start worker process 40
2025/11/12 02:00:34 [notice] 1#1: signal 3 (SIGQUIT) received, shutting down
2025/11/12 02:00:34 [notice] 31#31: gracefully shutting down
2025/11/12 02:00:34 [notice] 32#32: gracefully shutting down
2025/11/12 02:00:34 [notice] 31#31: exiting
2025/11/12 02:00:34 [notice] 37#37: gracefully shutting down
2025/11/12 02:00:34 [notice] 32#32: exiting
2025/11/12 02:00:34 [notice] 38#38: gracefully shutting down
2025/11/12 02:00:34 [notice] 37#37: exiting
2025/11/12 02:00:34 [notice] 36#36: gracefully shutting down
2025/11/12 02:00:34 [notice] 38#38: exiting
2025/11/12 02:00:34 [notice] 36#36: exiting
2025/11/12 02:00:34 [notice] 30#30: gracefully shutting down
2025/11/12 02:00:34 [notice] 30#30: exiting
2025/11/12 02:00:34 [notice] 31#31: exit
2025/11/12 02:00:34 [notice] 32#32: exit
2025/11/12 02:00:34 [notice] 37#37: exit
2025/11/12 02:00:34 [notice] 38#38: exit
2025/11/12 02:00:34 [notice] 36#36: exit
2025/11/12 02:00:34 [notice] 30#30: exit
2025/11/12 02:00:34 [notice] 29#29: gracefully shutting down
2025/11/12 02:00:34 [notice] 29#29: exiting
2025/11/12 02:00:34 [notice] 29#29: exit
2025/11/12 02:00:34 [notice] 39#39: gracefully shutting down
2025/11/12 02:00:34 [notice] 39#39: exiting
2025/11/12 02:00:34 [notice] 39#39: exit
2025/11/12 02:00:34 [notice] 33#33: gracefully shutting down
2025/11/12 02:00:34 [notice] 33#33: exiting
2025/11/12 02:00:34 [notice] 33#33: exit
2025/11/12 02:00:34 [notice] 34#34: gracefully shutting down
2025/11/12 02:00:34 [notice] 34#34: exiting
2025/11/12 02:00:34 [notice] 34#34: exit
2025/11/12 02:00:34 [notice] 40#40: gracefully shutting down
2025/11/12 02:00:34 [notice] 40#40: exiting
2025/11/12 02:00:34 [notice] 40#40: exit
2025/11/12 02:00:34 [notice] 35#35: gracefully shutting down
2025/11/12 02:00:34 [notice] 35#35: exiting
2025/11/12 02:00:34 [notice] 35#35: exit
2025/11/12 02:00:34 [notice] 1#1: signal 17 (SIGCHLD) received from 31
2025/11/12 02:00:34 [notice] 1#1: worker process 31 exited with code 0
2025/11/12 02:00:34 [notice] 1#1: worker process 32 exited with code 0
2025/11/12 02:00:34 [notice] 1#1: worker process 34 exited with code 0
2025/11/12 02:00:34 [notice] 1#1: worker process 38 exited with code 0
2025/11/12 02:00:34 [notice] 1#1: worker process 39 exited with code 0
2025/11/12 02:00:34 [notice] 1#1: signal 29 (SIGIO) received
2025/11/12 02:00:34 [notice] 1#1: signal 17 (SIGCHLD) received from 39
2025/11/12 02:00:34 [notice] 1#1: worker process 29 exited with code 0
2025/11/12 02:00:34 [notice] 1#1: signal 29 (SIGIO) received
2025/11/12 02:00:34 [notice] 1#1: signal 17 (SIGCHLD) received from 36
2025/11/12 02:00:34 [notice] 1#1: worker process 36 exited with code 0
2025/11/12 02:00:34 [notice] 1#1: worker process 37 exited with code 0
2025/11/12 02:00:34 [notice] 1#1: signal 29 (SIGIO) received
2025/11/12 02:00:34 [notice] 1#1: signal 17 (SIGCHLD) received from 30
2025/11/12 02:00:34 [notice] 1#1: worker process 30 exited with code 0
2025/11/12 02:00:34 [notice] 1#1: signal 29 (SIGIO) received
2025/11/12 02:00:34 [notice] 1#1: signal 17 (SIGCHLD) received from 35
2025/11/12 02:00:34 [notice] 1#1: worker process 35 exited with code 0
2025/11/12 02:00:34 [notice] 1#1: signal 29 (SIGIO) received
2025/11/12 02:00:34 [notice] 1#1: signal 17 (SIGCHLD) received from 40
2025/11/12 02:00:34 [notice] 1#1: worker process 40 exited with code 0
2025/11/12 02:00:34 [notice] 1#1: signal 29 (SIGIO) received
2025/11/12 02:00:34 [notice] 1#1: signal 17 (SIGCHLD) received from 33
2025/11/12 02:00:34 [notice] 1#1: worker process 33 exited with code 0
2025/11/12 02:00:34 [notice] 1#1: exit
2025/11/12 02:05:37 [emerg] 1#1: host not found in upstream "php-fpm-ea" in /etc/nginx/conf.d/default.conf:22
2025/11/12 02:10:31 [notice] 1#1: using the "epoll" event method
2025/11/12 02:10:31 [notice] 1#1: nginx/1.29.3
2025/11/12 02:10:31 [notice] 1#1: built by gcc 14.2.0 (Alpine 14.2.0) 
2025/11/12 02:10:31 [notice] 1#1: OS: Linux 6.8.0-87-generic
2025/11/12 02:10:31 [notice] 1#1: getrlimit(RLIMIT_NOFILE): 1024:524288
2025/11/12 02:10:31 [notice] 1#1: start worker processes
2025/11/12 02:10:31 [notice] 1#1: start worker process 29
2025/11/12 02:10:31 [notice] 1#1: start worker process 30
2025/11/12 02:10:31 [notice] 1#1: start worker process 31
2025/11/12 02:10:31 [notice] 1#1: start worker process 32
2025/11/12 02:10:31 [notice] 1#1: start worker process 33
2025/11/12 02:10:31 [notice] 1#1: start worker process 34
2025/11/12 02:10:31 [notice] 1#1: start worker process 35
2025/11/12 02:10:31 [notice] 1#1: start worker process 36
2025/11/12 02:10:31 [notice] 1#1: start worker process 37
2025/11/12 02:10:31 [notice] 1#1: start worker process 38
2025/11/12 02:10:31 [notice] 1#1: start worker process 39
2025/11/12 02:10:31 [notice] 1#1: start worker process 40
2025/11/12 02:14:22 [notice] 1#1: signal 3 (SIGQUIT) received, shutting down
2025/11/12 02:14:22 [notice] 29#29: gracefully shutting down
2025/11/12 02:14:22 [notice] 30#30: gracefully shutting down
2025/11/12 02:14:22 [notice] 31#31: gracefully shutting down
2025/11/12 02:14:22 [notice] 29#29: exiting
2025/11/12 02:14:22 [notice] 30#30: exiting
2025/11/12 02:14:22 [notice] 31#31: exiting
2025/11/12 02:14:22 [notice] 29#29: exit
2025/11/12 02:14:22 [notice] 31#31: exit
2025/11/12 02:14:22 [notice] 30#30: exit
2025/11/12 02:14:22 [notice] 32#32: gracefully shutting down
2025/11/12 02:14:22 [notice] 32#32: exiting
2025/11/12 02:14:22 [notice] 33#33: gracefully shutting down
2025/11/12 02:14:22 [notice] 34#34: gracefully shutting down
2025/11/12 02:14:22 [notice] 33#33: exiting
2025/11/12 02:14:22 [notice] 34#34: exiting
2025/11/12 02:14:22 [notice] 36#36: gracefully shutting down
2025/11/12 02:14:22 [notice] 36#36: exiting
2025/11/12 02:14:22 [notice] 34#34: exit
2025/11/12 02:14:22 [notice] 32#32: exit
2025/11/12 02:14:22 [notice] 33#33: exit
2025/11/12 02:14:22 [notice] 35#35: gracefully shutting down
2025/11/12 02:14:22 [notice] 35#35: exiting
2025/11/12 02:14:22 [notice] 35#35: exit
2025/11/12 02:14:22 [notice] 37#37: gracefully shutting down
2025/11/12 02:14:22 [notice] 37#37: exiting
2025/11/12 02:14:22 [notice] 37#37: exit
2025/11/12 02:14:22 [notice] 38#38: gracefully shutting down
2025/11/12 02:14:22 [notice] 38#38: exiting
2025/11/12 02:14:22 [notice] 38#38: exit
2025/11/12 02:14:22 [notice] 36#36: exit
2025/11/12 02:14:22 [notice] 39#39: gracefully shutting down
2025/11/12 02:14:22 [notice] 39#39: exiting
2025/11/12 02:14:22 [notice] 39#39: exit
2025/11/12 02:14:22 [notice] 40#40: gracefully shutting down
2025/11/12 02:14:22 [notice] 40#40: exiting
2025/11/12 02:14:22 [notice] 40#40: exit
2025/11/12 02:14:22 [notice] 1#1: signal 17 (SIGCHLD) received from 35
2025/11/12 02:14:22 [notice] 1#1: worker process 35 exited with code 0
2025/11/12 02:14:22 [notice] 1#1: signal 29 (SIGIO) received
2025/11/12 02:14:22 [notice] 1#1: signal 17 (SIGCHLD) received from 33
2025/11/12 02:14:22 [notice] 1#1: worker process 33 exited with code 0
2025/11/12 02:14:22 [notice] 1#1: signal 29 (SIGIO) received
2025/11/12 02:14:22 [notice] 1#1: signal 17 (SIGCHLD) received from 30
2025/11/12 02:14:22 [notice] 1#1: worker process 30 exited with code 0
2025/11/12 02:14:22 [notice] 1#1: worker process 34 exited with code 0
2025/11/12 02:14:22 [notice] 1#1: worker process 37 exited with code 0
2025/11/12 02:14:22 [notice] 1#1: worker process 39 exited with code 0
2025/11/12 02:14:22 [notice] 1#1: signal 29 (SIGIO) received
2025/11/12 02:14:22 [notice] 1#1: signal 17 (SIGCHLD) received from 29
2025/11/12 02:14:22 [notice] 1#1: worker process 29 exited with code 0
2025/11/12 02:14:22 [notice] 1#1: signal 29 (SIGIO) received
2025/11/12 02:14:22 [notice] 1#1: signal 17 (SIGCHLD) received from 40
2025/11/12 02:14:22 [notice] 1#1: worker process 40 exited with code 0
2025/11/12 02:14:22 [notice] 1#1: signal 29 (SIGIO) received
2025/11/12 02:14:22 [notice] 1#1: signal 17 (SIGCHLD) received from 32
2025/11/12 02:14:22 [notice] 1#1: worker process 32 exited with code 0
2025/11/12 02:14:22 [notice] 1#1: signal 29 (SIGIO) received
2025/11/12 02:14:22 [notice] 1#1: signal 17 (SIGCHLD) received from 31
2025/11/12 02:14:22 [notice] 1#1: worker process 31 exited with code 0
2025/11/12 02:14:22 [notice] 1#1: signal 29 (SIGIO) received
2025/11/12 02:14:22 [notice] 1#1: signal 17 (SIGCHLD) received from 36
2025/11/12 02:14:22 [notice] 1#1: worker process 36 exited with code 0
2025/11/12 02:14:22 [notice] 1#1: signal 29 (SIGIO) received
2025/11/12 02:14:22 [notice] 1#1: signal 17 (SIGCHLD) received from 38
2025/11/12 02:14:22 [notice] 1#1: worker process 38 exited with code 0
2025/11/12 02:14:22 [notice] 1#1: exit
2025/11/12 02:19:27 [notice] 1#1: using the "epoll" event method
2025/11/12 02:19:27 [notice] 1#1: nginx/1.29.3
2025/11/12 02:19:27 [notice] 1#1: built by gcc 14.2.0 (Alpine 14.2.0) 
2025/11/12 02:19:27 [notice] 1#1: OS: Linux 6.8.0-87-generic
2025/11/12 02:19:27 [notice] 1#1: getrlimit(RLIMIT_NOFILE): 1024:524288
2025/11/12 02:19:27 [notice] 1#1: start worker processes
2025/11/12 02:19:27 [notice] 1#1: start worker process 29
2025/11/12 02:19:27 [notice] 1#1: start worker process 30
2025/11/12 02:19:27 [notice] 1#1: start worker process 31
2025/11/12 02:19:27 [notice] 1#1: start worker process 32
2025/11/12 02:19:27 [notice] 1#1: start worker process 33
2025/11/12 02:19:27 [notice] 1#1: start worker process 34
2025/11/12 02:19:27 [notice] 1#1: start worker process 35
2025/11/12 02:19:27 [notice] 1#1: start worker process 36
2025/11/12 02:19:27 [notice] 1#1: start worker process 37
2025/11/12 02:19:27 [notice] 1#1: start worker process 38
2025/11/12 02:19:27 [notice] 1#1: start worker process 39
2025/11/12 02:19:27 [notice] 1#1: start worker process 40
2025/11/12 02:28:38 [error] 31#31: *11 FastCGI sent in stderr: "PHP message: PHP Warning:  require(/application/vendor/composer/../stancl/tenancy/src/helpers.php): Failed to open stream: No such file or directory in /application/vendor/composer/autoload_real.php on line 41; PHP message: PHP Fatal error:  Uncaught Error: Failed opening required '/application/vendor/composer/../stancl/tenancy/src/helpers.php' (include_path='.:/usr/share/php') in /application/vendor/composer/autoload_real.php:41
Stack trace:
#0 /application/vendor/composer/autoload_real.php(45): {closure}()
#1 /application/vendor/autoload.php(25): ComposerAutoloaderInit9c5b02179ffcaba0d54b33bace4a634f::getLoader()
#2 /application/public/index.php(34): require('...')
#3 {main}
  thrown in /application/vendor/composer/autoload_real.php on line 41" while reading response header from upstream, client: 10.12.0.1, server: , request: "GET /admin/login HTTP/1.1", upstream: "fastcgi://10.12.0.7:9000", host: "localhost:8081", referrer: "http://localhost:8081/admin/login"
2025/11/12 02:28:38 [error] 32#32: *13 FastCGI sent in stderr: "PHP message: PHP Warning:  require(/application/vendor/composer/../stancl/tenancy/src/helpers.php): Failed to open stream: No such file or directory in /application/vendor/composer/autoload_real.php on line 41; PHP message: PHP Fatal error:  Uncaught Error: Failed opening required '/application/vendor/composer/../stancl/tenancy/src/helpers.php' (include_path='.:/usr/share/php') in /application/vendor/composer/autoload_real.php:41
Stack trace:
#0 /application/vendor/composer/autoload_real.php(45): {closure}()
#1 /application/vendor/autoload.php(25): ComposerAutoloaderInit9c5b02179ffcaba0d54b33bace4a634f::getLoader()
#2 /application/public/index.php(34): require('...')
#3 {main}
  thrown in /application/vendor/composer/autoload_real.php on line 41" while reading response header from upstream, client: 10.12.0.1, server: , request: "GET / HTTP/1.1", upstream: "fastcgi://10.12.0.7:9000", host: "localhost:8081", referrer: "http://localhost:8081/"
2025/11/12 02:32:25 [notice] 1#1: signal 3 (SIGQUIT) received, shutting down
2025/11/12 02:32:25 [notice] 29#29: gracefully shutting down
2025/11/12 02:32:25 [notice] 31#31: gracefully shutting down
2025/11/12 02:32:25 [notice] 35#35: gracefully shutting down
2025/11/12 02:32:25 [notice] 29#29: exiting
2025/11/12 02:32:25 [notice] 31#31: exiting
2025/11/12 02:32:25 [notice] 35#35: exiting
2025/11/12 02:32:25 [notice] 37#37: gracefully shutting down
2025/11/12 02:32:25 [notice] 32#32: gracefully shutting down
2025/11/12 02:32:25 [notice] 37#37: exiting
2025/11/12 02:32:25 [notice] 32#32: exiting
2025/11/12 02:32:25 [notice] 29#29: exit
2025/11/12 02:32:25 [notice] 35#35: exit
2025/11/12 02:32:25 [notice] 37#37: exit
2025/11/12 02:32:25 [notice] 32#32: exit
2025/11/12 02:32:25 [notice] 36#36: gracefully shutting down
2025/11/12 02:32:25 [notice] 36#36: exiting
2025/11/12 02:32:25 [notice] 31#31: exit
2025/11/12 02:32:25 [notice] 36#36: exit
2025/11/12 02:32:25 [notice] 33#33: gracefully shutting down
2025/11/12 02:32:25 [notice] 33#33: exiting
2025/11/12 02:32:25 [notice] 33#33: exit
2025/11/12 02:32:25 [notice] 40#40: gracefully shutting down
2025/11/12 02:32:25 [notice] 40#40: exiting
2025/11/12 02:32:25 [notice] 30#30: gracefully shutting down
2025/11/12 02:32:25 [notice] 40#40: exit
2025/11/12 02:32:25 [notice] 30#30: exiting
2025/11/12 02:32:25 [notice] 34#34: gracefully shutting down
2025/11/12 02:32:25 [notice] 30#30: exit
2025/11/12 02:32:25 [notice] 34#34: exiting
2025/11/12 02:32:25 [notice] 39#39: gracefully shutting down
2025/11/12 02:32:25 [notice] 39#39: exiting
2025/11/12 02:32:25 [notice] 34#34: exit
2025/11/12 02:32:25 [notice] 39#39: exit
2025/11/12 02:32:25 [notice] 38#38: gracefully shutting down
2025/11/12 02:32:25 [notice] 38#38: exiting
2025/11/12 02:32:25 [notice] 38#38: exit
2025/11/12 02:32:25 [notice] 1#1: signal 17 (SIGCHLD) received from 35
2025/11/12 02:32:25 [notice] 1#1: worker process 35 exited with code 0
2025/11/12 02:32:25 [notice] 1#1: signal 29 (SIGIO) received
2025/11/12 02:32:25 [notice] 1#1: signal 17 (SIGCHLD) received from 30
2025/11/12 02:32:25 [notice] 1#1: worker process 29 exited with code 0
2025/11/12 02:32:25 [notice] 1#1: worker process 30 exited with code 0
2025/11/12 02:32:25 [notice] 1#1: worker process 36 exited with code 0
2025/11/12 02:32:25 [notice] 1#1: worker process 37 exited with code 0
2025/11/12 02:32:25 [notice] 1#1: worker process 38 exited with code 0
2025/11/12 02:32:25 [notice] 1#1: worker process 32 exited with code 0
2025/11/12 02:32:25 [notice] 1#1: worker process 39 exited with code 0
2025/11/12 02:32:25 [notice] 1#1: signal 29 (SIGIO) received
2025/11/12 02:32:25 [notice] 1#1: signal 17 (SIGCHLD) received from 38
2025/11/12 02:32:25 [notice] 1#1: worker process 33 exited with code 0
2025/11/12 02:32:25 [notice] 1#1: signal 29 (SIGIO) received
2025/11/12 02:32:25 [notice] 1#1: signal 17 (SIGCHLD) received from 34
2025/11/12 02:32:25 [notice] 1#1: worker process 34 exited with code 0
2025/11/12 02:32:25 [notice] 1#1: signal 29 (SIGIO) received
2025/11/12 02:32:25 [notice] 1#1: signal 17 (SIGCHLD) received from 40
2025/11/12 02:32:25 [notice] 1#1: worker process 40 exited with code 0
2025/11/12 02:32:25 [notice] 1#1: signal 17 (SIGCHLD) received from 31
2025/11/12 02:32:25 [notice] 1#1: worker process 31 exited with code 0
2025/11/12 02:32:25 [notice] 1#1: exit
2025/11/12 02:35:48 [notice] 1#1: using the "epoll" event method
2025/11/12 02:35:48 [notice] 1#1: nginx/1.29.3
2025/11/12 02:35:48 [notice] 1#1: built by gcc 14.2.0 (Alpine 14.2.0) 
2025/11/12 02:35:48 [notice] 1#1: OS: Linux 6.8.0-87-generic
2025/11/12 02:35:48 [notice] 1#1: getrlimit(RLIMIT_NOFILE): 1024:524288
2025/11/12 02:35:48 [notice] 1#1: start worker processes
2025/11/12 02:35:48 [notice] 1#1: start worker process 29
2025/11/12 02:35:48 [notice] 1#1: start worker process 30
2025/11/12 02:35:48 [notice] 1#1: start worker process 31
2025/11/12 02:35:48 [notice] 1#1: start worker process 32
2025/11/12 02:35:48 [notice] 1#1: start worker process 33
2025/11/12 02:35:48 [notice] 1#1: start worker process 34
2025/11/12 02:35:48 [notice] 1#1: start worker process 35
2025/11/12 02:35:48 [notice] 1#1: start worker process 36
2025/11/12 02:35:48 [notice] 1#1: start worker process 37
2025/11/12 02:35:48 [notice] 1#1: start worker process 38
2025/11/12 02:35:48 [notice] 1#1: start worker process 39
2025/11/12 02:35:48 [notice] 1#1: start worker process 40
2025/11/12 02:36:20 [notice] 1#1: signal 3 (SIGQUIT) received, shutting down
2025/11/12 02:36:20 [notice] 29#29: gracefully shutting down
2025/11/12 02:36:20 [notice] 30#30: gracefully shutting down
2025/11/12 02:36:20 [notice] 29#29: exiting
2025/11/12 02:36:20 [notice] 30#30: exiting
2025/11/12 02:36:20 [notice] 30#30: exit
2025/11/12 02:36:20 [notice] 29#29: exit
2025/11/12 02:36:20 [notice] 31#31: gracefully shutting down
2025/11/12 02:36:20 [notice] 35#35: gracefully shutting down
2025/11/12 02:36:20 [notice] 34#34: gracefully shutting down
2025/11/12 02:36:20 [notice] 31#31: exiting
2025/11/12 02:36:20 [notice] 35#35: exiting
2025/11/12 02:36:20 [notice] 34#34: exiting
2025/11/12 02:36:20 [notice] 33#33: gracefully shutting down
2025/11/12 02:36:20 [notice] 33#33: exiting
2025/11/12 02:36:20 [notice] 35#35: exit
2025/11/12 02:36:20 [notice] 31#31: exit
2025/11/12 02:36:20 [notice] 34#34: exit
2025/11/12 02:36:20 [notice] 33#33: exit
2025/11/12 02:36:20 [notice] 36#36: gracefully shutting down
2025/11/12 02:36:20 [notice] 37#37: gracefully shutting down
2025/11/12 02:36:20 [notice] 36#36: exiting
2025/11/12 02:36:20 [notice] 37#37: exiting
2025/11/12 02:36:20 [notice] 39#39: gracefully shutting down
2025/11/12 02:36:20 [notice] 39#39: exiting
2025/11/12 02:36:20 [notice] 36#36: exit
2025/11/12 02:36:20 [notice] 37#37: exit
2025/11/12 02:36:20 [notice] 39#39: exit
2025/11/12 02:36:20 [notice] 32#32: gracefully shutting down
2025/11/12 02:36:20 [notice] 32#32: exiting
2025/11/12 02:36:20 [notice] 32#32: exit
2025/11/12 02:36:20 [notice] 38#38: gracefully shutting down
2025/11/12 02:36:20 [notice] 38#38: exiting
2025/11/12 02:36:20 [notice] 38#38: exit
2025/11/12 02:36:20 [notice] 40#40: gracefully shutting down
2025/11/12 02:36:20 [notice] 40#40: exiting
2025/11/12 02:36:20 [notice] 40#40: exit
2025/11/12 02:36:20 [notice] 1#1: signal 17 (SIGCHLD) received from 29
2025/11/12 02:36:20 [notice] 1#1: worker process 29 exited with code 0
2025/11/12 02:36:20 [notice] 1#1: signal 29 (SIGIO) received
2025/11/12 02:36:20 [notice] 1#1: signal 17 (SIGCHLD) received from 31
2025/11/12 02:36:20 [notice] 1#1: worker process 31 exited with code 0
2025/11/12 02:36:20 [notice] 1#1: worker process 38 exited with code 0
2025/11/12 02:36:20 [notice] 1#1: signal 29 (SIGIO) received
2025/11/12 02:36:20 [notice] 1#1: signal 17 (SIGCHLD) received from 30
2025/11/12 02:36:20 [notice] 1#1: worker process 30 exited with code 0
2025/11/12 02:36:20 [notice] 1#1: worker process 32 exited with code 0
2025/11/12 02:36:20 [notice] 1#1: signal 29 (SIGIO) received
2025/11/12 02:36:20 [notice] 1#1: signal 17 (SIGCHLD) received from 40
2025/11/12 02:36:20 [notice] 1#1: worker process 40 exited with code 0
2025/11/12 02:36:20 [notice] 1#1: signal 29 (SIGIO) received
2025/11/12 02:36:20 [notice] 1#1: signal 17 (SIGCHLD) received from 33
2025/11/12 02:36:20 [notice] 1#1: worker process 33 exited with code 0
2025/11/12 02:36:20 [notice] 1#1: signal 29 (SIGIO) received
2025/11/12 02:36:20 [notice] 1#1: signal 17 (SIGCHLD) received from 34
2025/11/12 02:36:20 [notice] 1#1: worker process 34 exited with code 0
2025/11/12 02:36:20 [notice] 1#1: worker process 37 exited with code 0
2025/11/12 02:36:20 [notice] 1#1: signal 29 (SIGIO) received
2025/11/12 02:36:20 [notice] 1#1: signal 17 (SIGCHLD) received from 37
2025/11/12 02:36:20 [notice] 1#1: signal 17 (SIGCHLD) received from 35
2025/11/12 02:36:20 [notice] 1#1: worker process 35 exited with code 0
2025/11/12 02:36:20 [notice] 1#1: signal 29 (SIGIO) received
2025/11/12 02:36:20 [notice] 1#1: signal 17 (SIGCHLD) received from 39
2025/11/12 02:36:20 [notice] 1#1: worker process 39 exited with code 0
2025/11/12 02:36:20 [notice] 1#1: signal 29 (SIGIO) received
2025/11/12 02:36:20 [notice] 1#1: signal 17 (SIGCHLD) received from 36
2025/11/12 02:36:20 [notice] 1#1: worker process 36 exited with code 0
2025/11/12 02:36:20 [notice] 1#1: exit
2025/11/12 02:37:12 [notice] 1#1: using the "epoll" event method
2025/11/12 02:37:12 [notice] 1#1: nginx/1.29.3
2025/11/12 02:37:12 [notice] 1#1: built by gcc 14.2.0 (Alpine 14.2.0) 
2025/11/12 02:37:12 [notice] 1#1: OS: Linux 6.8.0-87-generic
2025/11/12 02:37:12 [notice] 1#1: getrlimit(RLIMIT_NOFILE): 1024:524288
2025/11/12 02:37:12 [notice] 1#1: start worker processes
2025/11/12 02:37:12 [notice] 1#1: start worker process 29
2025/11/12 02:37:12 [notice] 1#1: start worker process 30
2025/11/12 02:37:12 [notice] 1#1: start worker process 31
2025/11/12 02:37:12 [notice] 1#1: start worker process 32
2025/11/12 02:37:12 [notice] 1#1: start worker process 33
2025/11/12 02:37:12 [notice] 1#1: start worker process 34
2025/11/12 02:37:12 [notice] 1#1: start worker process 35
2025/11/12 02:37:12 [notice] 1#1: start worker process 36
2025/11/12 02:37:12 [notice] 1#1: start worker process 37
2025/11/12 02:37:12 [notice] 1#1: start worker process 38
2025/11/12 02:37:12 [notice] 1#1: start worker process 39
2025/11/12 02:37:12 [notice] 1#1: start worker process 40
2025/11/12 02:39:23 [notice] 1#1: signal 3 (SIGQUIT) received, shutting down
2025/11/12 02:39:23 [notice] 30#30: gracefully shutting down
2025/11/12 02:39:23 [notice] 30#30: exiting
2025/11/12 02:39:23 [notice] 35#35: gracefully shutting down
2025/11/12 02:39:23 [notice] 34#34: gracefully shutting down
2025/11/12 02:39:23 [notice] 37#37: gracefully shutting down
2025/11/12 02:39:23 [notice] 35#35: exiting
2025/11/12 02:39:23 [notice] 29#29: gracefully shutting down
2025/11/12 02:39:23 [notice] 34#34: exiting
2025/11/12 02:39:23 [notice] 37#37: exiting
2025/11/12 02:39:23 [notice] 29#29: exiting
2025/11/12 02:39:23 [notice] 31#31: gracefully shutting down
2025/11/12 02:39:23 [notice] 31#31: exiting
2025/11/12 02:39:23 [notice] 39#39: gracefully shutting down
2025/11/12 02:39:23 [notice] 30#30: exit
2025/11/12 02:39:23 [notice] 39#39: exiting
2025/11/12 02:39:23 [notice] 32#32: gracefully shutting down
2025/11/12 02:39:23 [notice] 35#35: exit
2025/11/12 02:39:23 [notice] 37#37: exit
2025/11/12 02:39:23 [notice] 34#34: exit
2025/11/12 02:39:23 [notice] 32#32: exiting
2025/11/12 02:39:23 [notice] 29#29: exit
2025/11/12 02:39:23 [notice] 31#31: exit
2025/11/12 02:39:23 [notice] 39#39: exit
2025/11/12 02:39:23 [notice] 32#32: exit
2025/11/12 02:39:23 [notice] 33#33: gracefully shutting down
2025/11/12 02:39:23 [notice] 33#33: exiting
2025/11/12 02:39:23 [notice] 36#36: gracefully shutting down
2025/11/12 02:39:23 [notice] 36#36: exiting
2025/11/12 02:39:23 [notice] 40#40: gracefully shutting down
2025/11/12 02:39:23 [notice] 40#40: exiting
2025/11/12 02:39:23 [notice] 33#33: exit
2025/11/12 02:39:23 [notice] 36#36: exit
2025/11/12 02:39:23 [notice] 40#40: exit
2025/11/12 02:39:23 [notice] 38#38: gracefully shutting down
2025/11/12 02:39:23 [notice] 38#38: exiting
2025/11/12 02:39:23 [notice] 38#38: exit
2025/11/12 02:39:23 [notice] 1#1: signal 17 (SIGCHLD) received from 34
2025/11/12 02:39:23 [notice] 1#1: worker process 34 exited with code 0
2025/11/12 02:39:23 [notice] 1#1: signal 29 (SIGIO) received
2025/11/12 02:39:23 [notice] 1#1: signal 17 (SIGCHLD) received from 37
2025/11/12 02:39:23 [notice] 1#1: worker process 31 exited with code 0
2025/11/12 02:39:23 [notice] 1#1: worker process 32 exited with code 0
2025/11/12 02:39:23 [notice] 1#1: worker process 33 exited with code 0
2025/11/12 02:39:23 [notice] 1#1: worker process 36 exited with code 0
2025/11/12 02:39:23 [notice] 1#1: worker process 37 exited with code 0
2025/11/12 02:39:23 [notice] 1#1: worker process 38 exited with code 0
2025/11/12 02:39:23 [notice] 1#1: worker process 40 exited with code 0
2025/11/12 02:39:23 [notice] 1#1: signal 29 (SIGIO) received
2025/11/12 02:39:23 [notice] 1#1: signal 17 (SIGCHLD) received from 38
2025/11/12 02:39:23 [notice] 1#1: worker process 30 exited with code 0
2025/11/12 02:39:23 [notice] 1#1: signal 29 (SIGIO) received
2025/11/12 02:39:23 [notice] 1#1: signal 17 (SIGCHLD) received from 35
2025/11/12 02:39:23 [notice] 1#1: worker process 35 exited with code 0
2025/11/12 02:39:23 [notice] 1#1: signal 29 (SIGIO) received
2025/11/12 02:39:23 [notice] 1#1: signal 17 (SIGCHLD) received from 29
2025/11/12 02:39:23 [notice] 1#1: worker process 29 exited with code 0
2025/11/12 02:39:23 [notice] 1#1: worker process 39 exited with code 0
2025/11/12 02:39:23 [notice] 1#1: exit
2025/11/12 02:42:46 [notice] 1#1: using the "epoll" event method
2025/11/12 02:42:46 [notice] 1#1: nginx/1.29.3
2025/11/12 02:42:46 [notice] 1#1: built by gcc 14.2.0 (Alpine 14.2.0) 
2025/11/12 02:42:46 [notice] 1#1: OS: Linux 6.8.0-87-generic
2025/11/12 02:42:46 [notice] 1#1: getrlimit(RLIMIT_NOFILE): 1024:524288
2025/11/12 02:42:46 [notice] 1#1: start worker processes
2025/11/12 02:42:46 [notice] 1#1: start worker process 29
2025/11/12 02:42:46 [notice] 1#1: start worker process 30
2025/11/12 02:42:46 [notice] 1#1: start worker process 31
2025/11/12 02:42:46 [notice] 1#1: start worker process 32
2025/11/12 02:42:46 [notice] 1#1: start worker process 33
2025/11/12 02:42:46 [notice] 1#1: start worker process 34
2025/11/12 02:42:46 [notice] 1#1: start worker process 35
2025/11/12 02:42:46 [notice] 1#1: start worker process 36
2025/11/12 02:42:46 [notice] 1#1: start worker process 37
2025/11/12 02:42:46 [notice] 1#1: start worker process 38
2025/11/12 02:42:46 [notice] 1#1: start worker process 39
2025/11/12 02:42:46 [notice] 1#1: start worker process 40
2025/11/12 02:52:31 [warn] 38#38: *37 a client request body is buffered to a temporary file /var/cache/nginx/client_temp/0000000001, client: 10.12.0.1, server: , request: "POST /livewire/upload-file?expires=1762916251&signature=72c0fd973775245574aa1526770fb7a0902a4d30c1b7a93a2be8d70720161617 HTTP/1.1", host: "localhost:8081", referrer: "http://localhost:8081/admin/file?id=61"
2025/11/12 02:56:38 [warn] 29#29: *48 an upstream response is buffered to a temporary file /var/cache/nginx/fastcgi_temp/2/00/0000000002 while reading upstream, client: 10.12.0.1, server: , request: "GET /admin/file?id=61 HTTP/1.1", upstream: "fastcgi://10.12.0.7:9000", host: "localhost:8081", referrer: "http://localhost:8081/admin/file?id=61"
2025/11/12 03:01:26 [warn] 29#29: *78 an upstream response is buffered to a temporary file /var/cache/nginx/fastcgi_temp/3/00/0000000003 while reading upstream, client: 10.12.0.1, server: , request: "GET /admin/file?id=61 HTTP/1.1", upstream: "fastcgi://10.12.0.7:9000", host: "localhost:8081", referrer: "http://localhost:8081/admin/file?id=61"
2025/11/12 03:02:49 [warn] 29#29: *80 an upstream response is buffered to a temporary file /var/cache/nginx/fastcgi_temp/4/00/0000000004 while reading upstream, client: 10.12.0.1, server: , request: "GET /admin/file?id=61 HTTP/1.1", upstream: "fastcgi://10.12.0.7:9000", host: "localhost:8081", referrer: "http://localhost:8081/admin/file?id=61"
2025/11/12 03:08:25 [warn] 29#29: *107 an upstream response is buffered to a temporary file /var/cache/nginx/fastcgi_temp/5/00/0000000005 while reading upstream, client: 10.12.0.1, server: , request: "GET /admin/file?id=61 HTTP/1.1", upstream: "fastcgi://10.12.0.7:9000", host: "localhost:8081", referrer: "http://localhost:8081/admin/file?id=61"
